
> fragments@0.0.1 test
> jest -c jest.config.js --runInBand --

Γùç injected env (3) from env.jest // tip: Γîÿ suppress logs { quiet: true }
Using FRAGMENTS_LOG_LEVEL=silent. Use 'debug' in env.jest for more detail
npm : FAIL tests/unit/post.test.js
At line:1 char:1
+ npm test > test_output.txt 2>&1
+ ~~~~~~~~~~~~~~~~~~~~~~~~~~~~~~~
    + CategoryInfo          : NotSpecified: (FAIL tests/unit/post.test.js:String) [], RemoteException
    + FullyQualifiedErrorId : NativeCommandError
 
  POST /v1/fragments
    ΓêÜ unauthenticated requests are denied (46 ms)
    ΓêÜ authenticated users can create a plain text fragment (40 ms)
    ├ù trying to create a fragment with an unsupported type errors (17 ms)

  ΓùÅ POST /v1/fragments ΓÇ║ trying to create a fragment with an unsupported type errors

    expect(received).toBe(expected) // Object.is equality

    Expected: 415
    Received: 201

    [0m [90m 51 |[39m       [33m.[39m[36mset[39m([32m'Content-Type'[39m[33m,[39m 
[32m'application/json'[39m)[33m;[39m
     [90m 52 |[39m
    [31m[1m>[22m[39m[90m 53 |[39m     expect(res[33m.[39mstatusCode)[33m.[39mtoBe([35m415[39m)[33m;[39m
     [90m    |[39m                            [31m[1m^[22m[39m
     [90m 54 |[39m     expect(res[33m.[39mbody[33m.[39mstatus)[33m.[39mtoBe([32m'error'[39m)[33m;[39m
     [90m 55 |[39m     expect(res[33m.[39mbody[33m.[39merror)[33m.[39mtoBeDefined()[33m;[39m
     [90m 56 |[39m   })[33m;[39m[0m

      at Object.toBe (tests/unit/post.test.js:53:28)

PASS tests/unit/fragment.test.js
  Fragment class
    ΓêÜ common formats are supported (7 ms)
    Fragment()
      ΓêÜ ownerId and type are required (39 ms)
      ΓêÜ ownerId is required (2 ms)
      ΓêÜ type is required (3 ms)
      ΓêÜ type can be a simple media type (4 ms)
      ΓêÜ type can include a charset (2 ms)
      ΓêÜ size gets set to 0 if missing (1 ms)
      ΓêÜ size must be a number (3 ms)
      ΓêÜ size can be 0 (1 ms)
      ΓêÜ size cannot be negative (2 ms)
      ΓêÜ invalid types throw (7 ms)
      ΓêÜ valid types can be set (1 ms)
      ΓêÜ fragments have an id (1 ms)
      ΓêÜ fragments use id passed in if present (1 ms)
      ΓêÜ fragments get a created datetime string (1 ms)
      ΓêÜ fragments get an updated datetime string (2 ms)
    isSupportedType()
      ΓêÜ common text types are supported, with and without charset (1 ms)
      ΓêÜ other types are not supported (1 ms)
    mimeType, isText
      ΓêÜ mimeType returns the mime type without charset (2 ms)
      ΓêÜ mimeType returns the mime type if charset is missing
      ΓêÜ isText return expected results (2 ms)
    formats
      ΓêÜ formats returns the expected result for plain text (1 ms)
    save(), getData(), setData(), byId(), byUser(), delete()
      ΓêÜ byUser() returns an empty array if there are no fragments for this user (1 ms)
      ΓêÜ a fragment can be created and save() stores a fragment for the user (1 ms)
      ΓêÜ save() updates the updated date/time of a fragment (60 ms)
      ΓêÜ setData() updates the updated date/time of a fragment (125 ms)
      ΓêÜ a fragment is added to the list of a user's fragments (2 ms)
      ΓêÜ full fragments are returned when requested for a user (1 ms)
      ΓêÜ setData() throws if not give a Buffer (1 ms)
      ΓêÜ setData() updates the fragment size (1 ms)
      ΓêÜ a fragment can be deleted (1 ms)

PASS tests/unit/cognito.test.js
  Cognito Authentication Strategy
    ΓêÜ throws an error if environment variables are missing (146 ms)
    ΓêÜ successfully verifies a valid token (98 ms)
    ΓêÜ fails verification on invalid token (104 ms)
    ΓêÜ handles hydrate failure (147 ms)

PASS tests/unit/app.test.js
  App Handler
    ΓêÜ should return HTTP 404 response for unknown route (23 ms)
    ΓêÜ should return HTTP 500 response for an unhandled error (17 ms)

PASS tests/unit/get.test.js
  GET /v1/fragments
    ΓêÜ unauthenticated requests are denied (39 ms)
    ΓêÜ incorrect credentials are denied (13 ms)
    ΓêÜ authenticated users get a fragments array (31 ms)

PASS tests/unit/health.test.js
  / health check
    ΓêÜ should return HTTP 200 response (23 ms)
    ΓêÜ should return Cache-Control: no-cache header (9 ms)
    ΓêÜ should return status: ok in response (8 ms)
    ΓêÜ should return correct version, githubUrl, and author in response (7 ms)

PASS tests/unit/auth.test.js
  Auth module
    ΓêÜ throws if both Cognito and Basic Auth are configured (27 ms)
    ΓêÜ throws if missing all authorization configurations (3 ms)
    ΓêÜ loads cognito if configured (211 ms)

PASS tests/unit/memory-db.test.js
  memory-db
    ΓêÜ put() returns nothing (6 ms)
    ΓêÜ get() returns what we put() into the db (1 ms)
    ΓêÜ put() and get() work with Buffers (1 ms)
    ΓêÜ get() with incorrect secondaryKey returns nothing (1 ms)
    ΓêÜ query() returns all secondaryKey values (1 ms)
    ΓêÜ query() returns empty array (1 ms)
    ΓêÜ del() removes value put() into db (1 ms)
    ΓêÜ del() throws if primaryKey and secondaryKey not in db (8 ms)
    ΓêÜ get() expects string keys (20 ms)
    ΓêÜ put() expects string keys (3 ms)
    ΓêÜ query() expects string key (2 ms)
    ΓêÜ del() expects string keys (2 ms)

PASS tests/unit/logger.test.js
  Logger configuration
    ΓêÜ should configure pino-pretty when log level is debug (85 ms)
    ΓêÜ should default to info when no log level is specified (68 ms)

PASS tests/unit/memory.test.js
  memory index
    metadata
      ΓêÜ writeFragment() returns nothing (4 ms)
      ΓêÜ readFragment() returns what we wrote (2 ms)
      ΓêÜ readFragment() returns undefined if not found
    data
      ΓêÜ writeFragmentData() returns nothing (1 ms)
      ΓêÜ readFragmentData() returns what we wrote
      ΓêÜ readFragmentData() returns undefined if not found (1 ms)
    listFragments
      ΓêÜ listFragments() returns an empty array when there are no fragments (1 ms)
      ΓêÜ listFragments() returns an array of fragment ids (6 ms)
      ΓêÜ listFragments(expand=true) returns an array of fragment objects (1 ms)
    deleteFragment
      ΓêÜ deleteFragment() removes both metadata and data (2 ms)

PASS tests/unit/hash.test.js
  hash()
    ΓêÜ email addresses should get hashed using sha256 to hex strings (5 ms)
    ΓêÜ hashing should always return the same value for a given string (2 ms)

PASS tests/unit/response.test.js
  API Responses
    ΓêÜ createErrorResponse() (4 ms)
    ΓêÜ createSuccessResponse() (1 ms)
    ΓêÜ createSuccessResponse(data)

Test Suites: 1 failed, 11 passed, 12 total
Tests:       1 failed, 78 passed, 79 total
Snapshots:   0 total
Time:        9.683 s, estimated 19 s
Ran all test suites.
